[    0.000000] Initializing cgroup subsys cpuset
[    0.000000] Initializing cgroup subsys cpu
[    0.000000] Initializing cgroup subsys cpuacct
[    0.000000] Linux version 4.4.0-210-generic (buildd@lgw01-amd64-009) (gcc version 5.4.0 20160609 (Ubuntu 5.4.0-6ubuntu1~16.04.12) ) #242-Ubuntu SMP Fri Apr 16 09:57:56 UTC 2021 (Ubuntu 4.4.0-210.242-generic 4.4.262)
[    0.000000] Command line: BOOT_IMAGE=/boot/vmlinuz-4.4.0-210-generic root=LABEL=cloudimg-rootfs ro console=tty1 console=ttyS0
[    0.000000] KERNEL supported cpus:
[    0.000000]   Intel GenuineIntel
[    0.000000]   AMD AuthenticAMD
[    0.000000]   Centaur CentaurHauls
[    0.000000] x86/fpu: xstate_offset[2]:  576, xstate_sizes[2]:  256
[    0.000000] x86/fpu: Supporting XSAVE feature 0x01: 'x87 floating point registers'
[    0.000000] x86/fpu: Supporting XSAVE feature 0x02: 'SSE registers'
[    0.000000] x86/fpu: Supporting XSAVE feature 0x04: 'AVX registers'
[    0.000000] x86/fpu: Enabled xstate features 0x7, context size is 832 bytes, using 'standard' format.
[    0.000000] e820: BIOS-provided physical RAM map:
[    0.000000] BIOS-e820: [mem 0x0000000000000000-0x000000000009fbff] usable
[    0.000000] BIOS-e820: [mem 0x000000000009fc00-0x000000000009ffff] reserved
[    0.000000] BIOS-e820: [mem 0x00000000000f0000-0x00000000000fffff] reserved
[    0.000000] BIOS-e820: [mem 0x0000000000100000-0x000000003ffeffff] usable
[    0.000000] BIOS-e820: [mem 0x000000003fff0000-0x000000003fffffff] ACPI data
[    0.000000] BIOS-e820: [mem 0x00000000fec00000-0x00000000fec00fff] reserved
[    0.000000] BIOS-e820: [mem 0x00000000fee00000-0x00000000fee00fff] reserved
[    0.000000] BIOS-e820: [mem 0x00000000fffc0000-0x00000000ffffffff] reserved
[    0.000000] NX (Execute Disable) protection: active
[    0.000000] SMBIOS 2.5 present.
[    0.000000] Hypervisor detected: KVM
[    0.000000] e820: last_pfn = 0x3fff0 max_arch_pfn = 0x400000000
[    0.000000] MTRR: Disabled
[    0.000000] x86/PAT: MTRRs disabled, skipping PAT initialization too.
[    0.000000] CPU MTRRs all blank - virtualized system.
[    0.000000] x86/PAT: Configuration [0-7]: WB  WT  UC- UC  WB  WT  UC- UC  
[    0.000000] found SMP MP-table at [mem 0x0009fff0-0x0009ffff] mapped at [ffff88000009fff0]
[    0.000000] Scanning 1 areas for low memory corruption
[    0.000000] RAMDISK: [mem 0x362dc000-0x37165fff]
[    0.000000] ACPI: Early table checksum verification disabled
[    0.000000] ACPI: RSDP 0x00000000000E0000 000024 (v02 VBOX  )
[    0.000000] ACPI: XSDT 0x000000003FFF0030 00003C (v01 VBOX   VBOXXSDT 00000001 ASL  00000061)
[    0.000000] ACPI: FACP 0x000000003FFF00F0 0000F4 (v04 VBOX   VBOXFACP 00000001 ASL  00000061)
[    0.000000] ACPI: DSDT 0x000000003FFF0470 002325 (v02 VBOX   VBOXBIOS 00000002 INTL 20100528)
[    0.000000] ACPI: FACS 0x000000003FFF0200 000040
[    0.000000] ACPI: FACS 0x000000003FFF0200 000040
[    0.000000] ACPI: APIC 0x000000003FFF0240 00005C (v02 VBOX   VBOXAPIC 00000001 ASL  00000061)
[    0.000000] ACPI: SSDT 0x000000003FFF02A0 0001CC (v01 VBOX   VBOXCPUT 00000002 INTL 20100528)
[    0.000000] No NUMA configuration found
[    0.000000] Faking a node at [mem 0x0000000000000000-0x000000003ffeffff]
[    0.000000] NODE_DATA(0) allocated [mem 0x3ffeb000-0x3ffeffff]
[    0.000000] kvm-clock: Using msrs 4b564d01 and 4b564d00
[    0.000000] kvm-clock: cpu 0, msr 0:3ffe3001, primary cpu clock
[    0.000000] kvm-clock: using sched offset of 3653242103 cycles
[    0.000000] clocksource: kvm-clock: mask: 0xffffffffffffffff max_cycles: 0x1cd42e4dffb, max_idle_ns: 881590591483 ns
[    0.000000] Zone ranges:
[    0.000000]   DMA      [mem 0x0000000000001000-0x0000000000ffffff]
[    0.000000]   DMA32    [mem 0x0000000001000000-0x000000003ffeffff]
[    0.000000]   Normal   empty
[    0.000000]   Device   empty
[    0.000000] Movable zone start for each node
[    0.000000] Early memory node ranges
[    0.000000]   node   0: [mem 0x0000000000001000-0x000000000009efff]
[    0.000000]   node   0: [mem 0x0000000000100000-0x000000003ffeffff]
[    0.000000] Initmem setup node 0 [mem 0x0000000000001000-0x000000003ffeffff]
[    0.000000] ACPI: PM-Timer IO Port: 0x4008
[    0.000000] IOAPIC[0]: apic_id 2, version 32, address 0xfec00000, GSI 0-23
[    0.000000] ACPI: INT_SRC_OVR (bus 0 bus_irq 0 global_irq 2 dfl dfl)
[    0.000000] ACPI: INT_SRC_OVR (bus 0 bus_irq 9 global_irq 9 low level)
[    0.000000] Using ACPI (MADT) for SMP configuration information
[    0.000000] smpboot: Allowing 2 CPUs, 0 hotplug CPUs
[    0.000000] PM: Registered nosave memory: [mem 0x00000000-0x00000fff]
[    0.000000] PM: Registered nosave memory: [mem 0x0009f000-0x0009ffff]
[    0.000000] PM: Registered nosave memory: [mem 0x000a0000-0x000effff]
[    0.000000] PM: Registered nosave memory: [mem 0x000f0000-0x000fffff]
[    0.000000] e820: [mem 0x40000000-0xfebfffff] available for PCI devices
[    0.000000] Booting paravirtualized kernel on KVM
[    0.000000] clocksource: refined-jiffies: mask: 0xffffffff max_cycles: 0xffffffff, max_idle_ns: 7645519600211568 ns
[    0.000000] setup_percpu: NR_CPUS:512 nr_cpumask_bits:512 nr_cpu_ids:2 nr_node_ids:1
[    0.000000] PERCPU: Embedded 33 pages/cpu @ffff88003fc00000 s95192 r8192 d31784 u1048576
[    0.000000] Built 1 zonelists in Node order, mobility grouping on.  Total pages: 257912
[    0.000000] Policy zone: DMA32
[    0.000000] Kernel command line: BOOT_IMAGE=/boot/vmlinuz-4.4.0-210-generic root=LABEL=cloudimg-rootfs ro console=tty1 console=ttyS0
[    0.000000] PID hash table entries: 4096 (order: 3, 32768 bytes)
[    0.000000] Memory: 997792K/1048120K available (8644K kernel code, 1332K rwdata, 4044K rodata, 1492K init, 1164K bss, 50328K reserved, 0K cma-reserved)
[    0.000000] SLUB: HWalign=64, Order=0-3, MinObjects=0, CPUs=2, Nodes=1
[    0.000000] Kernel/User page tables isolation: enabled
[    0.000000] Hierarchical RCU implementation.
[    0.000000] 	Build-time adjustment of leaf fanout to 64.
[    0.000000] 	RCU restricting CPUs from NR_CPUS=512 to nr_cpu_ids=2.
[    0.000000] RCU: Adjusting geometry for rcu_fanout_leaf=64, nr_cpu_ids=2
[    0.000000] NR_IRQS:33024 nr_irqs:440 16
[    0.000000] Console: colour VGA+ 80x25
[    0.000000] console [tty1] enabled
[    0.000000] console [ttyS0] enabled
[    0.000000] tsc: Detected 2808.004 MHz processor
[    0.227443] Calibrating delay loop (skipped) preset value.. 5616.00 BogoMIPS (lpj=11232016)
[    0.230293] pid_max: default: 32768 minimum: 301
[    0.231998] ACPI: Core revision 20150930
[    0.236382] ACPI: 2 ACPI AML tables successfully acquired and loaded
[    0.238735] Security Framework initialized
[    0.240130] Yama: becoming mindful.
[    0.241399] AppArmor: AppArmor initialized
[    0.242901] Dentry cache hash table entries: 131072 (order: 8, 1048576 bytes)
[    0.245386] Inode-cache hash table entries: 65536 (order: 7, 524288 bytes)
[    0.247704] Mount-cache hash table entries: 2048 (order: 2, 16384 bytes)
[    0.250186] Mountpoint-cache hash table entries: 2048 (order: 2, 16384 bytes)
[    0.252488] Initializing cgroup subsys io
[    0.253940] Initializing cgroup subsys memory
[    0.255462] Initializing cgroup subsys devices
[    0.256986] Initializing cgroup subsys freezer
[    0.258508] Initializing cgroup subsys net_cls
[    0.260186] Initializing cgroup subsys perf_event
[    0.261677] Initializing cgroup subsys net_prio
[    0.263280] Initializing cgroup subsys hugetlb
[    0.264970] Initializing cgroup subsys pids
[    0.268081] mce: CPU supports 0 MCE banks
[    0.269472] Last level iTLB entries: 4KB 64, 2MB 8, 4MB 8
[    0.271303] Last level dTLB entries: 4KB 64, 2MB 0, 4MB 0, 1GB 4
[    0.273080] Spectre V1 : Mitigation: usercopy/swapgs barriers and __user pointer sanitization
[    0.275848] Spectre V2 : Mitigation: Full generic retpoline
[    0.277510] Spectre V2 : Spectre v2 / SpectreRSB mitigation: Filling RSB on context switch
[    0.280355] Speculative Store Bypass: Vulnerable
[    0.281916] SRBDS: Unknown: Dependent on hypervisor status
[    0.284015] MDS: Mitigation: Clear CPU buffers
[    0.289202] Freeing SMP alternatives memory: 36K
[    0.299466] ftrace: allocating 32380 entries in 127 pages
[    0.379114] smpboot: APIC(0) Converting physical 0 to logical package 0
[    0.381609] smpboot: Max logical packages: 1
[    0.383450] x2apic enabled
[    0.384808] Switched APIC routing to physical x2apic.
[    0.387980] ..TIMER: vector=0x30 apic1=0 pin1=2 apic2=-1 pin2=-1
[    0.497761] smpboot: CPU0: Intel(R) Core(TM) i7-7700HQ CPU @ 2.80GHz (family: 0x6, model: 0x9e, stepping: 0x9)
[    0.500867] Performance Events: unsupported p6 CPU model 158 no PMU driver, software events only.
[    0.513804] KVM setup paravirtual spinlock
[    0.515754] x86: Booting SMP configuration:
[    0.517132] .... node  #0, CPUs:      #1
[    0.518415] kvm-clock: cpu 1, msr 0:3ffe3041, secondary cpu clock
[    0.520656] mce: CPU supports 0 MCE banks
[    0.523408] x86: Booted up 1 node, 2 CPUs
[    0.524883] smpboot: Total of 2 processors activated (11232.01 BogoMIPS)
[    0.527120] devtmpfs: initialized
[    0.529996] evm: security.selinux
[    0.531162] evm: security.SMACK64
[    0.532350] evm: security.SMACK64EXEC
[    0.533715] evm: security.SMACK64TRANSMUTE
[    0.535054] evm: security.SMACK64MMAP
[    0.536207] evm: security.ima
[    0.537211] evm: security.capability
[    0.538613] clocksource: jiffies: mask: 0xffffffff max_cycles: 0xffffffff, max_idle_ns: 7645041785100000 ns
[    0.541400] futex hash table entries: 512 (order: 3, 32768 bytes)
[    0.543207] pinctrl core: initialized pinctrl subsystem
[    0.544836] RTC time: 13:08:21, date: 03/18/22
[    0.546389] NET: Registered protocol family 16
[    0.558486] cpuidle: using governor ladder
[    0.571566] cpuidle: using governor menu
[    0.573055] PCCT header not found.
[    0.574438] ACPI: bus type PCI registered
[    0.575845] acpiphp: ACPI Hot Plug PCI Controller Driver version: 0.5
[    0.578069] PCI: Using configuration type 1 for base access
[    0.592669] ACPI: Added _OSI(Module Device)
[    0.594246] ACPI: Added _OSI(Processor Device)
[    0.595853] ACPI: Added _OSI(3.0 _SCP Extensions)
[    0.597540] ACPI: Added _OSI(Processor Aggregator Device)
[    0.600133] ACPI: Executed 1 blocks of module-level executable AML code
[    0.605245] ACPI: Interpreter enabled
[    0.606544] ACPI: (supports S0 S5)
[    0.607789] ACPI: Using IOAPIC for interrupt routing
[    0.609640] PCI: Using host bridge windows from ACPI; if necessary, use "pci=nocrs" and report a bug
[    0.617652] ACPI: PCI Root Bridge [PCI0] (domain 0000 [bus 00-ff])
[    0.619927] acpi PNP0A03:00: _OSC: OS supports [ASPM ClockPM Segments MSI]
[    0.622792] acpi PNP0A03:00: _OSC: not requesting OS control; OS requires [ExtendedConfig ASPM ClockPM MSI]
[    0.626399] acpi PNP0A03:00: fail to add MMCONFIG information, can't access extended PCI configuration space under this bridge.
[    0.632676] PCI host bridge to bus 0000:00
[    0.634150] pci_bus 0000:00: root bus resource [io  0x0000-0x0cf7 window]
[    0.636254] pci_bus 0000:00: root bus resource [io  0x0d00-0xffff window]
[    0.638287] pci_bus 0000:00: root bus resource [mem 0x000a0000-0x000bffff window]
[    0.640944] pci_bus 0000:00: root bus resource [mem 0x40000000-0xfdffffff window]
[    0.643492] pci_bus 0000:00: root bus resource [bus 00-ff]
[    0.647869] pci 0000:00:01.1: legacy IDE quirk: reg 0x10: [io  0x01f0-0x01f7]
[    0.650037] pci 0000:00:01.1: legacy IDE quirk: reg 0x14: [io  0x03f6]
[    0.652105] pci 0000:00:01.1: legacy IDE quirk: reg 0x18: [io  0x0170-0x0177]
[    0.670570] pci 0000:00:01.1: legacy IDE quirk: reg 0x1c: [io  0x0376]
[    0.690802] pci 0000:00:07.0: quirk: [io  0x4000-0x403f] claimed by PIIX4 ACPI
[    0.694606] pci 0000:00:07.0: quirk: [io  0x4100-0x410f] claimed by PIIX4 SMB
[    0.705887] ACPI: PCI Interrupt Link [LNKA] (IRQs 5 9 10 *11)
[    0.708710] ACPI: PCI Interrupt Link [LNKB] (IRQs 5 9 *10 11)
[    0.711268] ACPI: PCI Interrupt Link [LNKC] (IRQs 5 *9 10 11)
[    0.713966] ACPI: PCI Interrupt Link [LNKD] (IRQs 5 9 10 *11)
[    0.716576] ACPI: Enabled 2 GPEs in block 00 to 07
[    0.718600] vgaarb: setting as boot device: PCI:0000:00:02.0
[    0.720420] vgaarb: device added: PCI:0000:00:02.0,decodes=io+mem,owns=io+mem,locks=none
[    0.723259] vgaarb: loaded
[    0.724445] vgaarb: bridge control possible 0000:00:02.0
[    0.726453] SCSI subsystem initialized
[    0.727975] ACPI: bus type USB registered
[    0.729360] usbcore: registered new interface driver usbfs
[    0.731108] usbcore: registered new interface driver hub
[    0.732700] usbcore: registered new device driver usb
[    0.734790] PCI: Using ACPI for IRQ routing
[    0.736523] NetLabel: Initializing
[    0.737629] NetLabel:  domain hash size = 128
[    0.739000] NetLabel:  protocols = UNLABELED CIPSOv4
[    0.740488] NetLabel:  unlabeled traffic allowed by default
[    0.742261] amd_nb: Cannot enumerate AMD northbridges
[    0.743762] clocksource: Switched to clocksource kvm-clock
[    0.752129] AppArmor: AppArmor Filesystem Enabled
[    0.753754] pnp: PnP ACPI init
[    0.755843] pnp: PnP ACPI: found 3 devices
[    0.767042] clocksource: acpi_pm: mask: 0xffffff max_cycles: 0xffffff, max_idle_ns: 2085701024 ns
[    0.769737] NET: Registered protocol family 2
[    0.771202] TCP established hash table entries: 8192 (order: 4, 65536 bytes)
[    0.773279] TCP bind hash table entries: 8192 (order: 5, 131072 bytes)
[    0.775151] TCP: Hash tables configured (established 8192 bind 8192)
[    0.777002] UDP hash table entries: 512 (order: 2, 16384 bytes)
[    0.778643] UDP-Lite hash table entries: 512 (order: 2, 16384 bytes)
[    0.780692] NET: Registered protocol family 1
[    0.782043] pci 0000:00:00.0: Limiting direct PCI/PCI transfers
[    0.783700] pci 0000:00:01.0: Activating ISA DMA hang workarounds
[    0.785684] Unpacking initramfs...
[    0.994459] Freeing initrd memory: 14888K
[    0.995941] clocksource: tsc: mask: 0xffffffffffffffff max_cycles: 0x2879c989f7e, max_idle_ns: 440795237972 ns
[    0.999297] platform rtc_cmos: registered platform RTC device (no PNP device found)
[    1.002002] Scanning for low memory corruption every 60 seconds
[    1.004167] audit: initializing netlink subsys (disabled)
[    1.006016] audit: type=2000 audit(1647608906.678:1): initialized
[    1.008301] Initialise system trusted keyring
[    1.010095] HugeTLB registered 2 MB page size, pre-allocated 0 pages
[    1.013731] zbud: loaded
[    1.015179] VFS: Disk quotas dquot_6.6.0
[    1.016662] VFS: Dquot-cache hash table entries: 512 (order 0, 4096 bytes)
[    1.018979] squashfs: version 4.0 (2009/01/31) Phillip Lougher
[    1.021246] fuse init (API version 7.23)
[    1.022760] Key type big_key registered
[    1.024129] Allocating IMA MOK and blacklist keyrings.
[    1.027661] Key type asymmetric registered
[    1.029134] Asymmetric key parser 'x509' registered
[    1.030929] Block layer SCSI generic (bsg) driver version 0.4 loaded (major 249)
[    1.033625] io scheduler noop registered
[    1.034940] io scheduler deadline registered (default)
[    1.036655] io scheduler cfq registered
[    1.038052] pci_hotplug: PCI Hot Plug PCI Core version: 0.5
[    1.039758] pciehp: PCI Express Hot Plug Controller Driver version: 0.4
[    1.041871] ACPI: AC Adapter [AC] (on-line)
[    1.043269] input: Power Button as /devices/LNXSYSTM:00/LNXPWRBN:00/input/input0
[    1.045683] ACPI: Power Button [PWRF]
[    1.047093] input: Sleep Button as /devices/LNXSYSTM:00/LNXSLPBN:00/input/input1
[    1.049614] ACPI: Sleep Button [SLPF]
[    1.051792] ACPI: Battery Slot [BAT0] (battery present)
[    1.053589] GHES: HEST is not enabled!
[    1.054984] Serial: 8250/16550 driver, 32 ports, IRQ sharing enabled
[    1.077622] 00:02: ttyS0 at I/O 0x3f8 (irq = 4, base_baud = 115200) is a 16550A
[    1.084000] Linux agpgart interface v0.103
[    1.086855] loop: module loaded
[    1.088421] scsi host0: ata_piix
[    1.089515] scsi host1: ata_piix
[    1.090517] ata1: PATA max UDMA/33 cmd 0x1f0 ctl 0x3f6 bmdma 0xd000 irq 14
[    1.092093] ata2: PATA max UDMA/33 cmd 0x170 ctl 0x376 bmdma 0xd008 irq 15
[    1.093853] libphy: Fixed MDIO Bus: probed
[    1.095000] tun: Universal TUN/TAP device driver, 1.6
[    1.096412] tun: (C) 1999-2004 Max Krasnyansky <maxk@qualcomm.com>
[    1.098445] PPP generic driver version 2.4.2
[    1.099757] ehci_hcd: USB 2.0 'Enhanced' Host Controller (EHCI) Driver
[    1.101443] ehci-pci: EHCI PCI platform driver
[    1.102689] ehci-platform: EHCI generic platform driver
[    1.104013] ohci_hcd: USB 1.1 'Open' Host Controller (OHCI) Driver
[    1.105549] ohci-pci: OHCI PCI platform driver
[    1.106787] ohci-platform: OHCI generic platform driver
[    1.108230] uhci_hcd: USB Universal Host Controller Interface driver
[    1.109954] i8042: PNP: PS/2 Controller [PNP0303:PS2K,PNP0f03:PS2M] at 0x60,0x64 irq 1,12
[    1.112807] serio: i8042 KBD port at 0x60,0x64 irq 1
[    1.114277] serio: i8042 AUX port at 0x60,0x64 irq 12
[    1.115987] mousedev: PS/2 mouse device common for all mice
[    1.117954] input: AT Translated Set 2 keyboard as /devices/platform/i8042/serio0/input/input2
[    1.120864] rtc_cmos rtc_cmos: rtc core: registered rtc_cmos as rtc0
[    1.122594] rtc_cmos rtc_cmos: alarms up to one day, 114 bytes nvram
[    1.124252] i2c /dev entries driver
[    1.125400] device-mapper: uevent: version 1.0.3
[    1.126926] device-mapper: ioctl: 4.34.0-ioctl (2015-10-28) initialised: dm-devel@redhat.com
[    1.129414] ledtrig-cpu: registered to indicate activity on CPUs
[    1.131583] NET: Registered protocol family 10
[    1.133175] NET: Registered protocol family 17
[    1.134494] Key type dns_resolver registered
[    1.136267] registered taskstats version 1
[    1.137481] Loading compiled-in X.509 certificates
[    1.139348] Loaded X.509 cert 'Build time autogenerated kernel key: cf00e047681d67edb2720680708b7d9498083038'
[    1.142177] zswap: loaded using pool lzo/zbud
[    1.145440] Key type trusted registered
[    1.150469] Key type encrypted registered
[    1.151655] AppArmor: AppArmor sha1 policy hashing enabled
[    1.153217] ima: No TPM chip found, activating TPM-bypass!
[    1.154676] ima: Allocated hash algorithm: sha1
[    1.156031] evm: HMAC attrs: 0x1
[    1.157541]   Magic number: 14:775:129
[    1.158701] acpi device:04: hash matches
[    1.160018] rtc_cmos rtc_cmos: setting system clock to 2022-03-18 13:08:21 UTC (1647608901)
[    1.162671] BIOS EDD facility v0.16 2004-Jun-25, 0 devices found
[    1.164388] EDD information not available.
[    1.283703] Freeing unused kernel memory: 1492K
[    1.288529] Write protecting the kernel read-only data: 14336k
[    1.294967] Freeing unused kernel memory: 1584K
[    1.300204] Freeing unused kernel memory: 52K
Loading, please wait...
starting version 229
[    1.346780] random: systemd-udevd: uninitialized urandom read (16 bytes read, 3 bits of entropy available)
[    1.348207] random: udevadm: uninitialized urandom read (16 bytes read, 3 bits of entropy available)
[    1.348249] random: udevadm: uninitialized urandom read (16 bytes read, 3 bits of entropy available)
[    1.363006] random: systemd-udevd: uninitialized urandom read (16 bytes read, 3 bits of entropy available)
[    1.365077] random: udevadm: uninitialized urandom read (16 bytes read, 3 bits of entropy available)
[    1.365135] random: udevadm: uninitialized urandom read (16 bytes read, 3 bits of entropy available)
[    1.365345] random: udevadm: uninitialized urandom read (16 bytes read, 3 bits of entropy available)
[    1.365420] random: udevadm: uninitialized urandom read (16 bytes read, 3 bits of entropy available)
[    1.365495] random: udevadm: uninitialized urandom read (16 bytes read, 3 bits of entropy available)
[    1.365569] random: udevadm: uninitialized urandom read (16 bytes read, 3 bits of entropy available)
[    1.431392] Fusion MPT base driver 3.04.20
[    1.432786] Copyright (c) 1999-2008 LSI Corporation
[    1.438321] e1000: Intel(R) PRO/1000 Network Driver - version 7.3.21-k8-NAPI
[    1.440314] e1000: Copyright (c) 1999-2006 Intel Corporation.
[    1.461274] AVX2 version of gcm_enc/dec engaged.
[    1.462811] AES CTR mode by8 optimization enabled
[    1.466702] Fusion MPT SPI Host driver 3.04.20
[    1.666652] input: ImExPS/2 Generic Explorer Mouse as /devices/platform/i8042/serio1/input/input4
[    2.024025] e1000 0000:00:03.0 eth0: (PCI:33MHz:32-bit) 02:be:82:6b:cc:1d
[    2.026131] e1000 0000:00:03.0 eth0: Intel(R) PRO/1000 Network Connection
[    3.036564] e1000 0000:00:08.0 eth1: (PCI:33MHz:32-bit) 08:00:27:2f:3b:67
[    3.042825] e1000 0000:00:08.0 eth1: Intel(R) PRO/1000 Network Connection
[    3.051798] mptbase: ioc0: Initiating bringup
[    3.053592] e1000 0000:00:08.0 enp0s8: renamed from eth1
[    3.076981] e1000 0000:00:03.0 enp0s3: renamed from eth0
[    3.124588] ioc0: LSI53C1030 A0: Capabilities={Initiator}
[    3.292376] scsi host2: ioc0: LSI53C1030 A0, FwRev=00000000h, Ports=1, MaxQ=256, IRQ=20
[    3.413450] scsi 2:0:0:0: Direct-Access     VBOX     HARDDISK         1.0  PQ: 0 ANSI: 5
[    3.423428] scsi target2:0:0: Beginning Domain Validation
[    3.434462] scsi target2:0:0: Domain Validation skipping write tests
[    3.440685] scsi target2:0:0: Ending Domain Validation
[    3.445935] scsi target2:0:0: asynchronous
[    3.452510] scsi 2:0:1:0: Direct-Access     VBOX     HARDDISK         1.0  PQ: 0 ANSI: 5
[    3.499530] scsi target2:0:1: Beginning Domain Validation
[    3.504476] scsi target2:0:1: Domain Validation skipping write tests
[    3.506615] scsi target2:0:1: Ending Domain Validation
[    3.508628] scsi target2:0:1: asynchronous
[    3.519505] sd 2:0:0:0: [sda] 83886080 512-byte logical blocks: (42.9 GB/40.0 GiB)
[    3.519652] sd 2:0:0:0: Attached scsi generic sg0 type 0
[    3.523992] sd 2:0:0:0: [sda] Write Protect is off
[    3.524232] sd 2:0:1:0: Attached scsi generic sg1 type 0
[    3.527047] sd 2:0:1:0: [sdb] 20480 512-byte logical blocks: (10.5 MB/10.0 MiB)
[    3.529608] sd 2:0:0:0: [sda] Incomplete mode parameter data
[    3.531307] sd 2:0:0:0: [sda] Assuming drive cache: write through
[    3.531995] sd 2:0:1:0: [sdb] Write Protect is off
[    3.532238] sd 2:0:1:0: [sdb] Incomplete mode parameter data
[    3.532239] sd 2:0:1:0: [sdb] Assuming drive cache: write through
[    3.539884] sd 2:0:1:0: [sdb] Attached SCSI disk
[    3.541997]  sda: sda1
[    3.544357] sd 2:0:0:0: [sda] Attached SCSI disk
Begin: Loading essential drivers ... [    5.209520] md: linear personality registered for level -1
[    5.213471] md: multipath personality registered for level -4
[    5.217434] md: raid0 personality registered for level 0
[    5.222371] md: raid1 personality registered for level 1
[    5.291881] raid6: sse2x1   gen() 10346 MB/s
[    5.359859] raid6: sse2x1   xor()  7509 MB/s
[    5.427872] raid6: sse2x2   gen() 12800 MB/s
[    5.495893] raid6: sse2x2   xor()  9145 MB/s
[    5.563865] raid6: sse2x4   gen() 15850 MB/s
[    5.631889] raid6: sse2x4   xor() 11073 MB/s
[    5.699857] raid6: avx2x1   gen() 22622 MB/s
[    5.767855] raid6: avx2x2   gen() 25807 MB/s
[    5.835854] raid6: avx2x4   gen() 28331 MB/s
[    5.837159] raid6: using algorithm avx2x4 gen() 28331 MB/s
[    5.841642] raid6: using avx2x2 recovery algorithm
[    5.844087] xor: automatically using best checksumming function:
[    5.883875]    avx       : 22542.000 MB/sec
[    5.886423] async_tx: api initialized (async)
[    5.897189] md: raid6 personality registered for level 6
[    5.898700] md: raid5 personality registered for level 5
[    5.900194] md: raid4 personality registered for level 4
[    5.907420] md: raid10 personality registered for level 10
done.
Begin: Running /scripts/init-premount ... done.
Begin: Mounting root file system ... Begin: Running /scripts/local-top ... done.
Begin: Running /scripts/local-premount ... [    5.941741] Btrfs loaded
Scanning for Btrfs filesystems
done.
Warning: fsck not present, so skipping root file system
[    5.979971] EXT4-fs (sda1): mounted filesystem with ordered data mode. Opts: (null)
done.
Begin: Running /scripts/local-bottom ... done.
Begin: Running /scripts/init-bottom ... done.
[    6.103748] systemd[1]: systemd 229 running in system mode. (+PAM +AUDIT +SELINUX +IMA +APPARMOR +SMACK +SYSVINIT +UTMP +LIBCRYPTSETUP +GCRYPT +GNUTLS +ACL +XZ -LZ4 +SECCOMP +BLKID +ELFUTILS +KMOD -IDN)
[    6.110328] systemd[1]: Detected virtualization oracle.
[    6.112389] systemd[1]: Detected architecture x86-64.

Welcome to [1mUbuntu 16.04.7 LTS[0m!

[    6.118620] systemd[1]: Set hostname to <ubuntu>.
[    6.123097] systemd[1]: Initializing machine ID from random generator.
[    6.125593] systemd[1]: Installed transient /etc/machine-id file.
[    6.298430] systemd[1]: Listening on Syslog Socket.
[[0;32m  OK  [0m] Listening on Syslog Socket.
[    6.300666] systemd[1]: Listening on fsck to fsckd communication Socket.
[[0;32m  OK  [0m] Listening on fsck to fsckd communication Socket.
[    6.303549] systemd[1]: Listening on Journal Audit Socket.
[[0;32m  OK  [0m] Listening on Journal Audit Socket.
[    6.312569] systemd[1]: Started Trigger resolvconf update for networkd DNS.
[[0;32m  OK  [0m] Started Trigger resolvconf update for networkd DNS.
[    6.315938] systemd[1]: Reached target Encrypted Volumes.
[[0;32m  OK  [0m] Reached target Encrypted Volumes.
[    6.318578] systemd[1]: Reached target System Time Synchronized.
[[0;32m  OK  [0m] Reached target System Time Synchronized.
[    6.328162] systemd[1]: Listening on Journal Socket (/dev/log).
[[0;32m  OK  [0m] Listening on Journal Socket (/dev/log).
[    6.336528] systemd[1]: Listening on LVM2 poll daemon socket.
[[0;32m  OK  [0m] Listening on LVM2 poll daemon socket.
[    6.344879] systemd[1]: Created slice User and Session Slice.
[[0;32m  OK  [0m] Created slice User and Session Slice.
[    6.348431] systemd[1]: Listening on udev Kernel Socket.
[[0;32m  OK  [0m] Listening on udev Kernel Socket.
[    6.356573] systemd[1]: Created slice System Slice.
[[0;32m  OK  [0m] Created slice System Slice.
[    6.359932] systemd[1]: Reached target Slices.
[[0;32m  OK  [0m] Reached target Slices.
[    6.363013] systemd[1]: Set up automount Arbitrary Executable File Formats File System Automount Point.
[[0;32m  OK  [0m] Set up automount Arbitrary Executab...ats File System Automount Point.
[    6.376439] systemd[1]: Reached target User and Group Name Lookups.
[[0;32m  OK  [0m] Reached target User and Group Name Lookups.
[    6.380297] systemd[1]: Reached target Swap.
[[0;32m  OK  [0m] Reached target Swap.
[    6.382802] systemd[1]: Listening on Journal Socket.
[[0;32m  OK  [0m] Listening on Journal Socket.
[    6.396003] systemd[1]: Starting Journal Service...
         Starting Journal Service...
[    6.399421] systemd[1]: Mounting Huge Pages File System...
         Mounting Huge Pages File System...
[    6.403948] systemd[1]: Mounting Debug File System...
         Mounting Debug File System...
[    6.413246] systemd[1]: Starting File System Check on Root Device...
         Starting File System Check on Root Device...
[    6.416997] systemd[1]: Mounting POSIX Message Queue File System...
         Mounting POSIX Message Queue File System...
[    6.421252] systemd[1]: Starting Set console keymap...
         Starting Set console keymap...
[    6.428045] systemd[1]: Starting Load Kernel Modules...
         Starting Load Kernel Modules...
[    6.433755] systemd[1]: Starting Nameserver information manager...
         Starting Nameserver information manager...
[    6.437843] systemd[1]: Listening on Device-mapper event daemon FIFOs.
[[0;32m  OK  [0m] Listening on Device-mapper event daemon FIFOs.
[    6.441883] Loading iSCSI transport class v2.0-870.
[    6.442704] systemd[1]: Starting Create list of required static device nodes for the current kernel...
         Starting Create list of required st... nodes for the current kernel...
[    6.457124] systemd[1]: Starting Uncomplicated firewall...
         Starting Uncomplicated firewall...
[    6.461182] systemd[1]: Listening on LVM2 metadata daemon socket.
[    6.463578] iscsi: registered transport (tcp)
[[0;32m  OK  [0m] Listening on LVM2 metadata daemon socket.
[    6.467567] systemd[1]: Starting Monitoring of LVM2 mirrors, snapshots etc. using dmeventd or progress polling...
         Starting Monitoring of LVM2 mirrors... dmeventd or progress polling...
[    6.473814] systemd[1]: Started Forward Password Requests to Wall Directory Watch.
[[0;32m  OK  [0m] Started Forward Password Requests to Wall Directory Watch.
[    6.477996] systemd[1]: Listening on /dev/initctl Compatibility Named Pipe.
[[0;32m  OK  [0m] Listening on /dev/initctl Compatibility Named Pipe.
[    6.481405] systemd[1]: Listening on udev Control Socket.
[[0;32m  OK  [0m] Listening on udev Control Socket.
[    6.492374] systemd[1]: Created slice system-serial\x2dgetty.slice.
[[0;32m  OK  [0m] Created slice system-serial\x2dgetty.slice.
[    6.497726] systemd[1]: Mounted Huge Pages File System.
[[0;32m  OK  [0m] Mounted Huge Pages File System.
[    6.500867] systemd[1]: Mounted POSIX Message Queue File System.
[[0;32m  OK  [0m] Mounted POSIX Message Queue File System.
[    6.503393] systemd[1]: Mounted Debug File System.
[[0;32m  OK  [0m] Mounted Debug File System.
[    6.505844] systemd[1]: Started Journal Service.
[[0;32m  OK  [0m] Started Journal Service.
[[0;32m  OK  [0m] Started File System Check on Root Device.
[[0;32m  OK  [0m] Started Create list of required sta...ce nodes for the current kernel.
[[0;32m  OK  [0m] Started Uncomplicated firewall.
[[0;32m  OK  [0m] Started Nameserver information manager.
[[0;32m  OK  [0m] Started File System Check Daemon to report status.
[[0;32m  OK  [0m] Started LVM2 metadata daemon.
         Starting Create Static Device Nodes in /dev...
         Starting Remount Root and Kernel File Systems...
[    6.534759] EXT4-fs (sda1): re-mounted. Opts: (null)
[    6.534913] iscsi: registered transport (iser)
[[0;32m  OK  [0m] Started Load Kernel Modules.
         Starting Apply Kernel Variables...
         Mounting FUSE Control File System...
[[0;32m  OK  [0m] Mounted FUSE Control File System.
[[0;32m  OK  [0m] Started Create Static Device Nodes in /dev.
[[0;32m  OK  [0m] Started Remount Root and Kernel File Systems.
[[0;32m  OK  [0m] Started Apply Kernel Variables.
         Starting Flush Journal to Persistent Storage...
         Starting Load/Save Random Seed...
         Starting udev Coldplug all Devices...
         Starting udev Kernel Device Manager...
[[0;32m  OK  [0m] Started Load/Save Random Seed.
[[0;32m  OK  [0m] Started Set console keymap.
[[0;32m  OK  [0m] Started Flush Journal to Persistent Storage.
[[0;32m  OK  [0m] Started udev Kernel Device Manager.
[[0;32m  OK  [0m] Started udev Coldplug all Devices.
[[0;32m  OK  [0m] Started Dispatch Password Requests to Console Directory Watch.
[[0;32m  OK  [0m] Found device /dev/ttyS0.
[[0;32m  OK  [0m] Listening on Load/Save RF Kill Switch Status /dev/rfkill Watch.
[[0;32m  OK  [0m] Started Monitoring of LVM2 mirrors,...ng dmeventd or progress polling.
[[0;32m  OK  [0m] Reached target Local File Systems (Pre).
[[0;32m  OK  [0m] Reached target Local File Systems.
         Starting LSB: AppArmor initialization...
         Starting Tell Plymouth To Write Out Runtime Data...
         Starting Initial cloud-init job (pre-networking)...
         Starting Create Volatile Files and Directories...
         Starting Commit a transient machine-id on disk...
         Starting Set console font and keymap...
[[0;32m  OK  [0m] Started Tell Plymouth To Write Out Runtime Data.
[[0;32m  OK  [0m] Started Create Volatile Files and Directories.
         Starting Update UTMP about System Boot/Shutdown...
[[0;32m  OK  [0m] Started Update UTMP about System Boot/Shutdown.
[[0;32m  OK  [0m] Started Commit a transient machine-id on disk.
[[0;32m  OK  [0m] Started Set console font and keymap.
[[0;32m  OK  [0m] Created slice system-getty.slice.
[    8.583565] cloud-init[625]: Cloud-init v. 21.1-19-gbad84ad4-0ubuntu1~16.04.2 running 'init-local' at Fri, 18 Mar 2022 13:08:28 +0000. Up 8.09 seconds.
[[0;32m  OK  [0m] Started Initial cloud-init job (pre-networking).
[[0;32m  OK  [0m] Reached target Network (Pre).
[[0;32m  OK  [0m] Started LSB: AppArmor initialization.
         Starting Load AppArmor profiles managed internally by snapd...
         Starting Raise network interfaces...
[[0;32m  OK  [0m] Started Load AppArmor profiles managed internally by snapd.
[[0;32m  OK  [0m] Started Raise network interfaces.
         Starting Initial cloud-init job (metadata service crawler)...
[[0;32m  OK  [0m] Reached target Network.
[   10.542145] cloud-init[962]: Cloud-init v. 21.1-19-gbad84ad4-0ubuntu1~16.04.2 running 'init' at Fri, 18 Mar 2022 13:08:30 +0000. Up 9.76 seconds.
[   10.548487] cloud-init[962]: ci-info: ++++++++++++++++++++++++++++++++++++++Net device info+++++++++++++++++++++++++++++++++++++++
[   10.556482] cloud-init[962]: ci-info: +--------+-------+----------------------------+---------------+--------+-------------------+
[   10.564492] cloud-init[962]: ci-info: | Device |   Up  |          Address           |      Mask     | Scope  |     Hw-Address    |
[   10.572474] cloud-init[962]: ci-info: +--------+-------+----------------------------+---------------+--------+-------------------+
[   10.574198] cloud-init[962]: ci-info: | enp0s3 |  True |         10.0.2.15          | 255.255.255.0 | global | 02:be:82:6b:cc:1d |
[   10.580504] cloud-init[962]: ci-info: | enp0s3 |  True | fe80::be:82ff:fe6b:cc1d/64 |       .       |  link  | 02:be:82:6b:cc:1d |
[   10.582238] cloud-init[962]: ci-info: | enp0s8 | False |             .              |       .       |   .    | 08:00:27:2f:3b:67 |
[   10.588454] cloud-init[962]: ci-info: |   lo   |  True |         127.0.0.1          |   255.0.0.0   |  host  |         .         |
[   10.596493] cloud-init[962]: ci-info: |   lo   |  True |          ::1/128           |       .       |  host  |         .         |
[   10.598643] cloud-init[962]: ci-info: +--------+-------+----------------------------+---------------+--------+-------------------+
[   10.600510] cloud-init[962]: ci-info: +++++++++++++++++++++++++++Route IPv4 info++++++++++++++++++++++++++++
[   10.602045] cloud-init[962]: ci-info: +-------+-------------+----------+---------------+-----------+-------+
[   10.603500] cloud-init[962]: ci-info: | Route | Destination | Gateway  |    Genmask    | Interface | Flags |
[   10.612488] cloud-init[962]: ci-info: +-------+-------------+----------+---------------+-----------+-------+
[   10.624338] cloud-init[962]: ci-info: |   0   |   0.0.0.0   | 10.0.2.2 |    0.0.0.0    |   enp0s3  |   UG  |
[   10.624530] cloud-init[962]: ci-info: |   1   |   10.0.2.0  | 0.0.0.0  | 255.255.255.0 |   enp0s3  |   U   |
[[0;32m  OK  [0m] Started Initial cloud-init job (metadata service crawler).
[   10.624949] cloud-init[962]: ci-info: +-------+-------------+----------+---------------+-----------+-------+
[   10.627897] cloud-init[962]: ci-info: +++++++++++++++++++Route IPv6 info+++++++++++++++++++
[[0;32m  OK  [0m] Reached target Network is Online.
[   10.627959] cloud-init[962]: ci-info: +-------+-------------+---------+-----------+-------+
[   10.631104] cloud-init[962]: ci-info: | Route | Destination | Gateway | Interface | Flags |
[   10.641562] cloud-init[962]: ci-info: +-------+-------------+---------+-----------+-------+
[   10.641906] cloud-init[962]: ci-info: |   0   |  fe80::/64  |    ::   |   enp0s3  |   U   |
         Starting iSCSI initiator daemon (iscsid)...
[   10.642175] cloud-init[962]: ci-info: |   3   |   ff00::/8  |    ::   |   enp0s3  |   U   |
[   10.642228] cloud-init[962]: ci-info: +-------+-------------+---------+-----------+-------+
[[0;32m  OK  [0m] Reached target Cloud-config availability.
[[0;32m  OK  [0m[   10.646610] cloud-init[962]: Generating public/private rsa key pair.
[   10.648863] cloud-init[962]: Your identification has been saved in /etc/ssh/ssh_host_rsa_key.
[   10.649763] cloud-init[962]: Your public key has been saved in /etc/ssh/ssh_host_rsa_key.pub.
] Reached target System Initialization.
[   10.650526] cloud-init[962]: The key fingerprint is:
[   10.652699] cloud-init[962]: SHA256:URc30P4169p6s5cN5Tl5GBKLmYVGuhXoL+1jiEZsRUw root@ubuntu-xenial
[   10.654254] cloud-init[962]: The key's randomart image is:
[   10.656223] cloud-init[962]: +---[RSA 2048]----+
[   10.657039] cloud-init[962]: |       oEo+.++o  |
[   10.658417] [[0;32m  OK  [0m] Started ACPI Events Check.
[[0;32m  OK  [0m] Reached target Paths.
[[0;32m  OK  [0m] Started Ubuntu Advantage update messaging.
[[0;32m  OK  [0m] Started Message of the Day.
[[0;32m  OK  [0m] Listening on UUID daemon activation socket.
[[0;32m  OK  [0m] Listening on D-Bus System Message Bus Socket.
[[0;32m  OK  [0m] Started Daily apt download activities.
cloud-init[962]: |        +oooo... |
         Starting LXD - unix socket.
[   10.663832] cloud-init[[962]: [0;32m  OK  [0m|       oo..= +   |] 
Started Daily Cleanup of Temporary Directories.
[   10.665362] [[0;32m  OK  [0m] Listening on ACPID Listen Socket.
         Starting Socket activation for snappy daemon.
[[0;32m  OK  [0m] Started Daily apt upgrade and clean activities.
[[0;32m  OK  [0m] Reached target Timers.
cloud-init[962]: |        o++ o o.o|
[   10.668191] cloud-init[962]: |     . .So   . **|
[   10.668985] cloud-init[962]: |      + . o   o=+|
[   10.669796] cloud-init[962]: |     o . +    ..=|
[   10.676825] cloud-init[962]: |      o . +   .=o|
[   10.684481] cloud-init[962]: |     .   . . o+o+|
[   10.685486] cloud-init[962]: +----[SHA256]-----+
[   10.686345] cloud-init[962]: Generating public/private dsa key pair.
[   10.688344] cloud-init[962]: Your identification has been saved in /etc/ssh/ssh_host_dsa_key.
[   10.688578] cloud-init[962]: Your public key has been saved in /etc/ssh/ssh_host_dsa_key.pub.
[   10.688801] cloud-init[962]: The key fingerprint is:
[   10.689263] cloud-init[962]: SHA256:uYe66K3zDkerGBa0+EQW8MyoDwILcujQFR+toVBJW2Y root@ubuntu-xenial
[   10.689475] cloud-init[962]: The key's randomart image is:
[   10.689784] cloud-init[962]: +---[DSA 1024]----+
[   10.690142] cloud-init[962]: |...o=oE.         |
[   10.690505] cloud-init[962]: | B.o.*...        |
[   10.690558] cloud-init[962]: |B X....o         |
[   10.690875] cloud-init[962]: |BB .. .  .       |
[   10.690995] cloud-init[962]: |*.+   . S        |
[   10.691304] cloud-init[962]: |.= . . . o       |
[[0;32m  OK  [0m] Listening on LXD - unix socket.
[   10.691356] cloud-init[962]: |  = . o o .      |
[[0;32m  OK  [0m] Listening on Socket activation for snappy daemon.
[   10.695717] cloud-init[962]: | . o.* . .       |
[   10.695773] cloud-init[962]: |  ..==*.         |
[   10.695952] cloud-init[962]: +----[SHA256]-----+
[   10.696277] cloud-init[962]: Generating public/private ecdsa key pair.
[   10.696346] cloud-init[962]: Your identification has been saved in /etc/ssh/ssh_host_ecdsa_key.
[   10.696417] cloud-init[962]: Your public key has been saved in /etc/ssh/ssh_host_ecdsa_key.pub.
[   10.696493] cloud-init[962]: The key fingerprint is:
[   10.701038] cloud-init[962]: SHA256:mGRp5u+PyzveveY5iWfJ+SLOf6lBIVUmrKT66Xzy+FI root@ubuntu-xenial
[   10.701251] cloud-init[962]: The key's randomart image is:
[   10.701537] cloud-init[962]: +---[ECDSA 256]---+
[   10.701734] cloud-init[962]: |           .o.o  |
[   10.702098] cloud-init[962]: |       .  ...o   |
[   10.702151] cloud-init[962]: |      *  o...    |
[   10.702465] cloud-init[962]: |     * o. .. .   |
[   10.702964] cloud-init[962]: |      +.S   .    |
[   10.703269] cloud-init[962]: |      ..  E.     |
[   10.703489] cloud-init[962]: |       ..o o.+ . |
[   10.703729] cloud-init[962]: |       +*=+.@oo  |
[   10.704027] cloud-init[962]: |       o@%BBBB.  |
[   10.704352] cloud-init[962]: +----[SHA256]-----+
[   10.704502] cloud-init[962]: Generating public/private ed25519 key pair.
[[   10.704709] cloud-init[962]: Your identification has been saved in /etc/ssh/ssh_host_ed25519_key.
[   10.705119] cloud-init[962]: Your public key has been saved in /etc/ssh/ssh_host_ed25519_key.pub.
[   10.705246] cloud-init[962]: The key fingerprint is:
[   10.705583] cloud-init[962]: SHA256:dcJvGTIRp/xIo4qgHaNYvoO8UppRQopk4ZaULcUj8DQ root@ubuntu-xenial
[   10.705959] cloud-init[962]: The key's randomart image is:
[   10.706212] cloud-init[962]: +--[ED25519 256]--+
[   10.706548] cloud-init[962]: |ooE.      o..    |
[   10.706855] cloud-init[962]: |oX.=     o +     |
[   10.707467] cloud-init[962]: |*++ .     @ o    |
[   10.707732] cloud-init[962]: |= .      + X o   |
[   10.708114] cloud-init[962]: | o=     S . =    |
[   10.708377] cloud-init[962]: |o*.+ . .   .     |
[   10.708555] cloud-init[962]: |=*o . .          |
[0;32m  OK  [0m] [   10.708647] Started iSCSI initiator daemon (iscsid).cloud-init
[962]: |=...             |
[   10.716997] cloud-init[962]: |..o.             |
[   10.718049] cloud-init[962]: +----[SHA256]-----+
         Starting Login to default iSCSI targets...
[[0;32m  OK  [0m] Reached target Sockets.
[[0;32m  OK  [0m] Reached target Basic System.
         Starting LSB: Record successful boot for GRUB...
         Starting Pollinate to seed the pseudo random number generator...
         Starting Accounts Service...
         Starting LSB: MD monitoring daemon...
         Starting Virtualbox guest utils...
         Starting Login Service...
[[0;32m  OK  [0m] Started D-Bus System Message Bus.
[[0;32m  OK  [0m] Started FUSE filesystem for LXC.
[[0;32m  OK  [0m] Started Deferred execution scheduler.
         Starting System Logging Service...
[[0;32m  OK  [0m] Started ACPI event daemon.
[[0;32m  OK  [0m] Started Regular background program processing daemon.
         Starting Snap Daemon...
         Starting /etc/rc.local Compatibility...
         Starting LXD - container startup/shutdown...
[[0;32m  OK  [0m] Started System Logging Service.
[[0;32m  OK  [0m] Started /etc/rc.local Compatibility.
[[0;32m  OK  [0m] Started LSB: Record successful boot for GRUB.
[[0;32m  OK  [0m] Started Login Service.
[[0;32m  OK  [0m] Started Unattended Upgrades Shutdown.
         Starting Authenticate and Authorize Users to Run Privileged Tasks...
[[0;32m  OK  [0m] Started Login to default iSCSI targets.
[[0;32m  OK  [0m] Started LSB: MD monitoring daemon.
[[0;32m  OK  [0m] Reached target Remote File Systems (Pre).
[[0;32m  OK  [0m] Reached target Remote File Systems.
         Starting LSB: daemon to balance interrupts for SMP systems...
         Starting LSB: automatic crash report generation...
         Starting Permit User Sessions...
         Starting LSB: Set the CPU Frequency Scaling governor to "ondemand"...
[[0;32m  OK  [0m] Started Permit User Sessions.
[[0;32m  OK  [0m] Started Authenticate and Authorize Users to Run Privileged Tasks.
         Starting Terminate Plymouth Boot Screen...
         Starting Hold until boot process finishes up...
[[0;32m  OK  [0m] Started LSB: daemon to balance interrupts for SMP systems.
[[0;32m  OK  [0m] Started LSB: Set the CPU Frequency Scaling governor to "ondemand".
[[0;32m  OK  [0m] Started Hold until boot process finishes up.
[[0;32m  OK  [0m] Started LSB: automatic crash report generation.
[[0;32m  OK  [0m] Started Terminate Plymouth Boot Screen.
[[0;32m  OK  [0m] Started Accounts Service.
[[0;32m  OK  [0m] Started Serial Getty on ttyS0.
         Starting Set console scheme...
[[0;32m  OK  [0m] Started Getty on tty1.
[[0;32m  OK  [0m] Reached target Login Prompts.
[[0;32m  OK  [0m] Started Virtualbox guest utils.
[[0;32m  OK  [0m] Started LXD - container startup/shutdown.
[[0;32m  OK  [0m] Started Set console scheme.
[[0;32m  OK  [0m] Started Snap Daemon.
         Starting Wait until snapd is fully seeded...
[[0;32m  OK  [0m] Started Pollinate to seed the pseudo random number generator.
         Starting OpenBSD Secure Shell server...
[[0;32m  OK  [0m] Started OpenBSD Secure Shell server.
[[0;32m  OK  [0m] Created slice User Slice of vagrant.
         Starting User Manager for UID 1000...
[[0;32m  OK  [0m] Started Session 1 of user vagrant.
[[0;32m  OK  [0m] Started User Manager for UID 1000.
[[0;32m  OK  [0m] Started Wait until snapd is fully seeded.
         Starting Apply the settings specified in cloud-config...
[[0;32m  OK  [0m] Reached target Multi-User System.
[[0;32m  OK  [0m] Reached target Graphical Interface.
         Starting Update UTMP about System Runlevel Changes...
[[0;32m  OK  [0m] Started Update UTMP about System Runlevel Changes.
[   13.728168] cloud-init[1396]: Generating locales (this might take a while)...
[   15.071034] cloud-init[1396]:   en_US.UTF-8... done
[   15.072469] cloud-init[1396]: Generation complete.
[   15.525793] cloud-init[1396]: Cloud-init v. 21.1-19-gbad84ad4-0ubuntu1~16.04.2 running 'modules:config' at Fri, 18 Mar 2022 13:08:34 +0000. Up 13.51 seconds.
[[0;32m  OK  [0m] Started Apply the settings specified in cloud-config.
         Starting Execute cloud user/final scripts...
ci-info: no authorized SSH keys fingerprints found for user ubuntu.
<14>Mar 18 13:08:36 ec2: 
<14>Mar 18 13:08:36 ec2: #############################################################
<14>Mar 18 13:08:36 ec2: -----BEGIN SSH HOST KEY FINGERPRINTS-----
<14>Mar 18 13:08:36 ec2: 1024 SHA256:uYe66K3zDkerGBa0+EQW8MyoDwILcujQFR+toVBJW2Y root@ubuntu-xenial (DSA)
<14>Mar 18 13:08:36 ec2: 256 SHA256:mGRp5u+PyzveveY5iWfJ+SLOf6lBIVUmrKT66Xzy+FI root@ubuntu-xenial (ECDSA)
<14>Mar 18 13:08:36 ec2: 256 SHA256:dcJvGTIRp/xIo4qgHaNYvoO8UppRQopk4ZaULcUj8DQ root@ubuntu-xenial (ED25519)
<14>Mar 18 13:08:36 ec2: 2048 SHA256:URc30P4169p6s5cN5Tl5GBKLmYVGuhXoL+1jiEZsRUw root@ubuntu-xenial (RSA)
<14>Mar 18 13:08:36 ec2: -----END SSH HOST KEY FINGERPRINTS-----
<14>Mar 18 13:08:36 ec2: #############################################################
-----BEGIN SSH HOST KEY KEYS-----
ecdsa-sha2-nistp256 AAAAE2VjZHNhLXNoYTItbmlzdHAyNTYAAAAIbmlzdHAyNTYAAABBBEvnubSCPW5kXXExl35O0NNkHQRPYE/YpSqX0pW+rkbg+QI+lfnSS8f6uYUcZwpFdEpz3/KF7C3JLHfEqp0BLjU= root@ubuntu-xenial
ssh-ed25519 AAAAC3NzaC1lZDI1NTE5AAAAIIzImg9iER4WGB75ZkhdfdMSYEtkbRoTAG/RW30KbndY root@ubuntu-xenial
ssh-rsa AAAAB3NzaC1yc2EAAAADAQABAAABAQC/kvx3s3nGx/i91jZEIyYvngcXuQfq8RL/10kiSkMXI7sTVXys9NTOFt7rxAVEVeKFqi0+JrfMrvARovoiJ5RpsLPGGRn6NZAD5vgW3eC0KnPa3eNOZgRe4HF6S7A0Xn26PuDDd7aeIYuMaFK72itfnvSYtWHIQKVSRbPOE5uW+yGVPZGaDUh5+cXruu3crOIs8e3hQdYds99BoJg+j6QUB/qBkjeUYjrIZec6HKAzy9iE19C4ydYEsX6F5SQ6LnwAB83T5pdrArEfM5xZF9N+VreonQCIEyjr/UhPVk74zKPRvZZc9CdQBJu6Cx1vfaP8qX2Rl745IMhgwbc+0kDJ root@ubuntu-xenial
-----END SSH HOST KEY KEYS-----
[   16.359171] cloud-init[1554]: Cloud-init v. 21.1-19-gbad84ad4-0ubuntu1~16.04.2 running 'modules:final' at Fri, 18 Mar 2022 13:08:36 +0000. Up 16.08 seconds.
[   16.362818] cloud-init[1554]: ci-info: no authorized SSH keys fingerprints found for user ubuntu.
[   16.365093] cloud-init[1554]: Cloud-init v. 21.1-19-gbad84ad4-0ubuntu1~16.04.2 finished at Fri, 18 Mar 2022 13:08:36 +0000. Datasource DataSourceNoCloud [seed=/dev/sdb][dsmode=net].  Up 16.33 seconds

Ubuntu 16.04.7 LTS ubuntu-xenial ttyS0

ubuntu-xenial login: 